Archive member included to satisfy reference by file (symbol)

c:/st/stm32cubeide_1.5.0/stm32cubeide/plugins/com.st.stm32cube.ide.mcu.externaltools.gnu-tools-for-stm32.10.3-2021.10.win32_1.0.0.202111181127/tools/bin/../lib/gcc/arm-none-eabi/10.3.1/../../../../arm-none-eabi/lib/thumb/v6-m/nofp\libc_nano.a(lib_a-errno.o)
                              ./Core/Src/syscalls.o (__errno)
c:/st/stm32cubeide_1.5.0/stm32cubeide/plugins/com.st.stm32cube.ide.mcu.externaltools.gnu-tools-for-stm32.10.3-2021.10.win32_1.0.0.202111181127/tools/bin/../lib/gcc/arm-none-eabi/10.3.1/../../../../arm-none-eabi/lib/thumb/v6-m/nofp\libc_nano.a(lib_a-exit.o)
                              c:/st/stm32cubeide_1.5.0/stm32cubeide/plugins/com.st.stm32cube.ide.mcu.externaltools.gnu-tools-for-stm32.10.3-2021.10.win32_1.0.0.202111181127/tools/bin/../lib/gcc/arm-none-eabi/10.3.1/../../../../arm-none-eabi/lib/thumb/v6-m/nofp/crt0.o (exit)
c:/st/stm32cubeide_1.5.0/stm32cubeide/plugins/com.st.stm32cube.ide.mcu.externaltools.gnu-tools-for-stm32.10.3-2021.10.win32_1.0.0.202111181127/tools/bin/../lib/gcc/arm-none-eabi/10.3.1/../../../../arm-none-eabi/lib/thumb/v6-m/nofp\libc_nano.a(lib_a-impure.o)
                              c:/st/stm32cubeide_1.5.0/stm32cubeide/plugins/com.st.stm32cube.ide.mcu.externaltools.gnu-tools-for-stm32.10.3-2021.10.win32_1.0.0.202111181127/tools/bin/../lib/gcc/arm-none-eabi/10.3.1/../../../../arm-none-eabi/lib/thumb/v6-m/nofp\libc_nano.a(lib_a-exit.o) (_global_impure_ptr)
c:/st/stm32cubeide_1.5.0/stm32cubeide/plugins/com.st.stm32cube.ide.mcu.externaltools.gnu-tools-for-stm32.10.3-2021.10.win32_1.0.0.202111181127/tools/bin/../lib/gcc/arm-none-eabi/10.3.1/../../../../arm-none-eabi/lib/thumb/v6-m/nofp\libc_nano.a(lib_a-init.o)
                              c:/st/stm32cubeide_1.5.0/stm32cubeide/plugins/com.st.stm32cube.ide.mcu.externaltools.gnu-tools-for-stm32.10.3-2021.10.win32_1.0.0.202111181127/tools/bin/../lib/gcc/arm-none-eabi/10.3.1/../../../../arm-none-eabi/lib/thumb/v6-m/nofp/crt0.o (__libc_init_array)
c:/st/stm32cubeide_1.5.0/stm32cubeide/plugins/com.st.stm32cube.ide.mcu.externaltools.gnu-tools-for-stm32.10.3-2021.10.win32_1.0.0.202111181127/tools/bin/../lib/gcc/arm-none-eabi/10.3.1/../../../../arm-none-eabi/lib/thumb/v6-m/nofp\libc_nano.a(lib_a-memcpy-stub.o)
                              ./Core/Src/main.o (memcpy)
c:/st/stm32cubeide_1.5.0/stm32cubeide/plugins/com.st.stm32cube.ide.mcu.externaltools.gnu-tools-for-stm32.10.3-2021.10.win32_1.0.0.202111181127/tools/bin/../lib/gcc/arm-none-eabi/10.3.1/../../../../arm-none-eabi/lib/thumb/v6-m/nofp\libc_nano.a(lib_a-memset.o)
                              c:/st/stm32cubeide_1.5.0/stm32cubeide/plugins/com.st.stm32cube.ide.mcu.externaltools.gnu-tools-for-stm32.10.3-2021.10.win32_1.0.0.202111181127/tools/bin/../lib/gcc/arm-none-eabi/10.3.1/../../../../arm-none-eabi/lib/thumb/v6-m/nofp/crt0.o (memset)
c:/st/stm32cubeide_1.5.0/stm32cubeide/plugins/com.st.stm32cube.ide.mcu.externaltools.gnu-tools-for-stm32.10.3-2021.10.win32_1.0.0.202111181127/tools/bin/../lib/gcc/arm-none-eabi/10.3.1/../../../../arm-none-eabi/lib/thumb/v6-m/nofp\libc_nano.a(lib_a-strcmp.o)
                              ./Core/Src/main.o (strcmp)
c:/st/stm32cubeide_1.5.0/stm32cubeide/plugins/com.st.stm32cube.ide.mcu.externaltools.gnu-tools-for-stm32.10.3-2021.10.win32_1.0.0.202111181127/tools/bin/../lib/gcc/arm-none-eabi/10.3.1/../../../../arm-none-eabi/lib/thumb/v6-m/nofp\libc_nano.a(lib_a-strlen.o)
                              ./Core/Src/main.o (strlen)
c:/st/stm32cubeide_1.5.0/stm32cubeide/plugins/com.st.stm32cube.ide.mcu.externaltools.gnu-tools-for-stm32.10.3-2021.10.win32_1.0.0.202111181127/tools/bin/../lib/gcc/arm-none-eabi/10.3.1/thumb/v6-m/nofp\libgcc.a(_thumb1_case_uqi.o)
                              ./Drivers/STM32L0xx_HAL_Driver/Src/stm32l0xx_hal_dma.o (__gnu_thumb1_case_uqi)
c:/st/stm32cubeide_1.5.0/stm32cubeide/plugins/com.st.stm32cube.ide.mcu.externaltools.gnu-tools-for-stm32.10.3-2021.10.win32_1.0.0.202111181127/tools/bin/../lib/gcc/arm-none-eabi/10.3.1/thumb/v6-m/nofp\libgcc.a(_udivsi3.o)
                              ./Core/Src/system_stm32l0xx.o (__aeabi_uidiv)
c:/st/stm32cubeide_1.5.0/stm32cubeide/plugins/com.st.stm32cube.ide.mcu.externaltools.gnu-tools-for-stm32.10.3-2021.10.win32_1.0.0.202111181127/tools/bin/../lib/gcc/arm-none-eabi/10.3.1/thumb/v6-m/nofp\libgcc.a(_divsi3.o)
                              ./Core/Src/main.o (__aeabi_idiv)
c:/st/stm32cubeide_1.5.0/stm32cubeide/plugins/com.st.stm32cube.ide.mcu.externaltools.gnu-tools-for-stm32.10.3-2021.10.win32_1.0.0.202111181127/tools/bin/../lib/gcc/arm-none-eabi/10.3.1/thumb/v6-m/nofp\libgcc.a(_dvmd_tls.o)
                              c:/st/stm32cubeide_1.5.0/stm32cubeide/plugins/com.st.stm32cube.ide.mcu.externaltools.gnu-tools-for-stm32.10.3-2021.10.win32_1.0.0.202111181127/tools/bin/../lib/gcc/arm-none-eabi/10.3.1/thumb/v6-m/nofp\libgcc.a(_udivsi3.o) (__aeabi_idiv0)
[...]
Memory Configuration

Name             Origin             Length             Attributes
RAM              0x0000000020000000 0x0000000000000800 xrw
FLASH            0x0000000008000000 0x0000000000002000 xr
*default*        0x0000000000000000 0xffffffffffffffff

Linker script and memory map

LOAD c:/st/stm32cubeide_1.5.0/stm32cubeide/plugins/com.st.stm32cube.ide.mcu.externaltools.gnu-tools-for-stm32.10.3-2021.10.win32_1.0.0.202111181127/tools/bin/../lib/gcc/arm-none-eabi/10.3.1/thumb/v6-m/nofp/crti.o
LOAD c:/st/stm32cubeide_1.5.0/stm32cubeide/plugins/com.st.stm32cube.ide.mcu.externaltools.gnu-tools-for-stm32.10.3-2021.10.win32_1.0.0.202111181127/tools/bin/../lib/gcc/arm-none-eabi/10.3.1/thumb/v6-m/nofp/crtbegin.o
LOAD c:/st/stm32cubeide_1.5.0/stm32cubeide/plugins/com.st.stm32cube.ide.mcu.externaltools.gnu-tools-for-stm32.10.3-2021.10.win32_1.0.0.202111181127/tools/bin/../lib/gcc/arm-none-eabi/10.3.1/../../../../arm-none-eabi/lib/thumb/v6-m/nofp/crt0.o
LOAD ./Core/Src/EEPROM.o
LOAD ./Core/Src/adc.o
LOAD ./Core/Src/main.o
LOAD ./Core/Src/operation.o
LOAD ./Core/Src/stm32l0xx_hal_msp.o
LOAD ./Core/Src/stm32l0xx_it.o
LOAD ./Core/Src/syscalls.o
LOAD ./Core/Src/sysmem.o
LOAD ./Core/Src/system_stm32l0xx.o
LOAD ./Core/Src/time.o
LOAD ./Core/Src/usart.o
LOAD ./Core/Startup/startup_stm32l011f3ux.o
LOAD ./Drivers/STM32L0xx_HAL_Driver/Src/stm32l0xx_hal.o
LOAD ./Drivers/STM32L0xx_HAL_Driver/Src/stm32l0xx_hal_cortex.o
LOAD ./Drivers/STM32L0xx_HAL_Driver/Src/stm32l0xx_hal_dma.o
LOAD ./Drivers/STM32L0xx_HAL_Driver/Src/stm32l0xx_hal_exti.o
LOAD ./Drivers/STM32L0xx_HAL_Driver/Src/stm32l0xx_hal_flash.o
LOAD ./Drivers/STM32L0xx_HAL_Driver/Src/stm32l0xx_hal_flash_ex.o
LOAD ./Drivers/STM32L0xx_HAL_Driver/Src/stm32l0xx_hal_flash_ramfunc.o
LOAD ./Drivers/STM32L0xx_HAL_Driver/Src/stm32l0xx_hal_gpio.o
LOAD ./Drivers/STM32L0xx_HAL_Driver/Src/stm32l0xx_hal_i2c.o
LOAD ./Drivers/STM32L0xx_HAL_Driver/Src/stm32l0xx_hal_i2c_ex.o
LOAD ./Drivers/STM32L0xx_HAL_Driver/Src/stm32l0xx_hal_lptim.o
LOAD ./Drivers/STM32L0xx_HAL_Driver/Src/stm32l0xx_hal_pwr.o
LOAD ./Drivers/STM32L0xx_HAL_Driver/Src/stm32l0xx_hal_pwr_ex.o
LOAD ./Drivers/STM32L0xx_HAL_Driver/Src/stm32l0xx_hal_rcc.o
LOAD ./Drivers/STM32L0xx_HAL_Driver/Src/stm32l0xx_hal_rcc_ex.o
LOAD ./Drivers/STM32L0xx_HAL_Driver/Src/stm32l0xx_hal_tim.o
LOAD ./Drivers/STM32L0xx_HAL_Driver/Src/stm32l0xx_hal_tim_ex.o
LOAD ./Drivers/STM32L0xx_HAL_Driver/Src/stm32l0xx_ll_adc.o
LOAD ./Drivers/STM32L0xx_HAL_Driver/Src/stm32l0xx_ll_dma.o
LOAD ./Drivers/STM32L0xx_HAL_Driver/Src/stm32l0xx_ll_exti.o
LOAD ./Drivers/STM32L0xx_HAL_Driver/Src/stm32l0xx_ll_gpio.o
LOAD ./Drivers/STM32L0xx_HAL_Driver/Src/stm32l0xx_ll_lpuart.o
LOAD ./Drivers/STM32L0xx_HAL_Driver/Src/stm32l0xx_ll_rcc.o
LOAD ./Drivers/STM32L0xx_HAL_Driver/Src/stm32l0xx_ll_utils.o
START GROUP
LOAD c:/st/stm32cubeide_1.5.0/stm32cubeide/plugins/com.st.stm32cube.ide.mcu.externaltools.gnu-tools-for-stm32.10.3-2021.10.win32_1.0.0.202111181127/tools/bin/../lib/gcc/arm-none-eabi/10.3.1/../../../../arm-none-eabi/lib/thumb/v6-m/nofp\libc_nano.a
LOAD c:/st/stm32cubeide_1.5.0/stm32cubeide/plugins/com.st.stm32cube.ide.mcu.externaltools.gnu-tools-for-stm32.10.3-2021.10.win32_1.0.0.202111181127/tools/bin/../lib/gcc/arm-none-eabi/10.3.1/../../../../arm-none-eabi/lib/thumb/v6-m/nofp\libm.a
END GROUP
START GROUP
LOAD c:/st/stm32cubeide_1.5.0/stm32cubeide/plugins/com.st.stm32cube.ide.mcu.externaltools.gnu-tools-for-stm32.10.3-2021.10.win32_1.0.0.202111181127/tools/bin/../lib/gcc/arm-none-eabi/10.3.1/thumb/v6-m/nofp\libgcc.a
LOAD c:/st/stm32cubeide_1.5.0/stm32cubeide/plugins/com.st.stm32cube.ide.mcu.externaltools.gnu-tools-for-stm32.10.3-2021.10.win32_1.0.0.202111181127/tools/bin/../lib/gcc/arm-none-eabi/10.3.1/../../../../arm-none-eabi/lib/thumb/v6-m/nofp\libc_nano.a
END GROUP
START GROUP
LOAD c:/st/stm32cubeide_1.5.0/stm32cubeide/plugins/com.st.stm32cube.ide.mcu.externaltools.gnu-tools-for-stm32.10.3-2021.10.win32_1.0.0.202111181127/tools/bin/../lib/gcc/arm-none-eabi/10.3.1/thumb/v6-m/nofp\libgcc.a
LOAD c:/st/stm32cubeide_1.5.0/stm32cubeide/plugins/com.st.stm32cube.ide.mcu.externaltools.gnu-tools-for-stm32.10.3-2021.10.win32_1.0.0.202111181127/tools/bin/../lib/gcc/arm-none-eabi/10.3.1/../../../../arm-none-eabi/lib/thumb/v6-m/nofp\libc_nano.a
LOAD c:/st/stm32cubeide_1.5.0/stm32cubeide/plugins/com.st.stm32cube.ide.mcu.externaltools.gnu-tools-for-stm32.10.3-2021.10.win32_1.0.0.202111181127/tools/bin/../lib/gcc/arm-none-eabi/10.3.1/../../../../arm-none-eabi/lib/thumb/v6-m/nofp\libnosys.a
END GROUP
START GROUP
LOAD c:/st/stm32cubeide_1.5.0/stm32cubeide/plugins/com.st.stm32cube.ide.mcu.externaltools.gnu-tools-for-stm32.10.3-2021.10.win32_1.0.0.202111181127/tools/bin/../lib/gcc/arm-none-eabi/10.3.1/thumb/v6-m/nofp\libgcc.a
LOAD c:/st/stm32cubeide_1.5.0/stm32cubeide/plugins/com.st.stm32cube.ide.mcu.externaltools.gnu-tools-for-stm32.10.3-2021.10.win32_1.0.0.202111181127/tools/bin/../lib/gcc/arm-none-eabi/10.3.1/../../../../arm-none-eabi/lib/thumb/v6-m/nofp\libc_nano.a
LOAD c:/st/stm32cubeide_1.5.0/stm32cubeide/plugins/com.st.stm32cube.ide.mcu.externaltools.gnu-tools-for-stm32.10.3-2021.10.win32_1.0.0.202111181127/tools/bin/../lib/gcc/arm-none-eabi/10.3.1/../../../../arm-none-eabi/lib/thumb/v6-m/nofp\libnosys.a
END GROUP
LOAD c:/st/stm32cubeide_1.5.0/stm32cubeide/plugins/com.st.stm32cube.ide.mcu.externaltools.gnu-tools-for-stm32.10.3-2021.10.win32_1.0.0.202111181127/tools/bin/../lib/gcc/arm-none-eabi/10.3.1/thumb/v6-m/nofp/crtend.o
LOAD c:/st/stm32cubeide_1.5.0/stm32cubeide/plugins/com.st.stm32cube.ide.mcu.externaltools.gnu-tools-for-stm32.10.3-2021.10.win32_1.0.0.202111181127/tools/bin/../lib/gcc/arm-none-eabi/10.3.1/thumb/v6-m/nofp/crtn.o
                0x0000000020000800                _estack = (ORIGIN (RAM) + LENGTH (RAM))
                0x0000000000000200                _Min_Heap_Size = 0x200
                0x0000000000000400                _Min_Stack_Size = 0x400

.isr_vector     0x0000000008000000       0xc0
                0x0000000008000000                . = ALIGN (0x4)
 *(.isr_vector)
 .isr_vector    0x0000000008000000       0xc0 ./Core/Startup/startup_stm32l011f3ux.o
                0x0000000008000000                g_pfnVectors
                0x00000000080000c0                . = ALIGN (0x4)

.text           0x00000000080000c0     0x1e7c
                0x00000000080000c0                . = ALIGN (0x4)
 *(.text)
 .text          0x00000000080000c0       0x48 c:/st/stm32cubeide_1.5.0/stm32cubeide/plugins/com.st.stm32cube.ide.mcu.externaltools.gnu-tools-for-stm32.10.3-2021.10.win32_1.0.0.202111181127/tools/bin/../lib/gcc/arm-none-eabi/10.3.1/thumb/v6-m/nofp/crtbegin.o
 .text          0x0000000008000108       0x14 c:/st/stm32cubeide_1.5.0/stm32cubeide/plugins/com.st.stm32cube.ide.mcu.externaltools.gnu-tools-for-stm32.10.3-2021.10.win32_1.0.0.202111181127/tools/bin/../lib/gcc/arm-none-eabi/10.3.1/../../../../arm-none-eabi/lib/thumb/v6-m/nofp\libc_nano.a(lib_a-strcmp.o)
                0x0000000008000108                strcmp
 .text          0x000000000800011c        0xe c:/st/stm32cubeide_1.5.0/stm32cubeide/plugins/com.st.stm32cube.ide.mcu.externaltools.gnu-tools-for-stm32.10.3-2021.10.win32_1.0.0.202111181127/tools/bin/../lib/gcc/arm-none-eabi/10.3.1/../../../../arm-none-eabi/lib/thumb/v6-m/nofp\libc_nano.a(lib_a-strlen.o)
                0x000000000800011c                strlen
 *fill*         0x000000000800012a        0x2 
 .text          0x000000000800012c      0x114 c:/st/stm32cubeide_1.5.0/stm32cubeide/plugins/com.st.stm32cube.ide.mcu.externaltools.gnu-tools-for-stm32.10.3-2021.10.win32_1.0.0.202111181127/tools/bin/../lib/gcc/arm-none-eabi/10.3.1/thumb/v6-m/nofp\libgcc.a(_udivsi3.o)
                0x000000000800012c                __aeabi_uidiv
                0x000000000800012c                __udivsi3
                0x0000000008000238                __aeabi_uidivmod
 .text          0x0000000008000240      0x1d4 c:/st/stm32cubeide_1.5.0/stm32cubeide/plugins/com.st.stm32cube.ide.mcu.externaltools.gnu-tools-for-stm32.10.3-2021.10.win32_1.0.0.202111181127/tools/bin/../lib/gcc/arm-none-eabi/10.3.1/thumb/v6-m/nofp\libgcc.a(_divsi3.o)
                0x0000000008000240                __divsi3
                0x0000000008000240                __aeabi_idiv
                0x000000000800040c                __aeabi_idivmod
 .text          0x0000000008000414        0x4 c:/st/stm32cubeide_1.5.0/stm32cubeide/plugins/com.st.stm32cube.ide.mcu.externaltools.gnu-tools-for-stm32.10.3-2021.10.win32_1.0.0.202111181127/tools/bin/../lib/gcc/arm-none-eabi/10.3.1/thumb/v6-m/nofp\libgcc.a(_dvmd_tls.o)
                0x0000000008000414                __aeabi_idiv0
                0x0000000008000414                __aeabi_ldiv0
 .text          0x0000000008000418       0x40 c:/st/stm32cubeide_1.5.0/stm32cubeide/plugins/com.st.stm32cube.ide.mcu.externaltools.gnu-tools-for-stm32.10.3-2021.10.win32_1.0.0.202111181127/tools/bin/../lib/gcc/arm-none-eabi/10.3.1/thumb/v6-m/nofp\libgcc.a(_aeabi_uldivmod.o)
                0x0000000008000418                __aeabi_uldivmod
 .text          0x0000000008000458      0x198 c:/st/stm32cubeide_1.5.0/stm32cubeide/plugins/com.st.stm32cube.ide.mcu.externaltools.gnu-tools-for-stm32.10.3-2021.10.win32_1.0.0.202111181127/tools/bin/../lib/gcc/arm-none-eabi/10.3.1/thumb/v6-m/nofp\libgcc.a(_udivmoddi4.o)
                0x0000000008000458                __udivmoddi4
 .text          0x00000000080005f0       0x3c c:/st/stm32cubeide_1.5.0/stm32cubeide/plugins/com.st.stm32cube.ide.mcu.externaltools.gnu-tools-for-stm32.10.3-2021.10.win32_1.0.0.202111181127/tools/bin/../lib/gcc/arm-none-eabi/10.3.1/thumb/v6-m/nofp\libgcc.a(_clzsi2.o)
                0x00000000080005f0                __clzsi2
 .text          0x000000000800062c       0x18 c:/st/stm32cubeide_1.5.0/stm32cubeide/plugins/com.st.stm32cube.ide.mcu.externaltools.gnu-tools-for-stm32.10.3-2021.10.win32_1.0.0.202111181127/tools/bin/../lib/gcc/arm-none-eabi/10.3.1/thumb/v6-m/nofp\libgcc.a(_clzdi2.o)
                0x000000000800062c                __clzdi2
 *(.text*)
 .text.UnlockEEPROM
                0x0000000008000644       0x38 ./Core/Src/EEPROM.o
                0x0000000008000644                UnlockEEPROM
 .text.LockEEPROM
                0x000000000800067c       0x10 ./Core/Src/EEPROM.o
                0x000000000800067c                LockEEPROM
 .text.ReadSystemConfig
                0x000000000800068c       0x30 ./Core/Src/EEPROM.o
                0x000000000800068c                ReadSystemConfig
 .text.WriteSystemConfig
                0x00000000080006bc       0x84 ./Core/Src/EEPROM.o
                0x00000000080006bc                WriteSystemConfig
 .text.GetADC   0x0000000008000740       0xac ./Core/Src/adc.o
                0x0000000008000740                GetADC
 .text.ParsingData
                0x00000000080007ec       0x70 ./Core/Src/main.o
                0x00000000080007ec                ParsingData
 .text.StringToInt
                0x000000000800085c       0x38 ./Core/Src/main.o
                0x000000000800085c                StringToInt
 .text.IntToString
                0x0000000008000894       0x4c ./Core/Src/main.o
                0x0000000008000894                IntToString
 .text.Protocol
                0x00000000080008e0      0x174 ./Core/Src/main.o
                0x00000000080008e0                Protocol
 .text.HAL_GPIO_EXTI_Callback
                0x0000000008000a54       0x8c ./Core/Src/main.o
                0x0000000008000a54                HAL_GPIO_EXTI_Callback
 .text.SystemClock_Config
                0x0000000008000ae0       0xdc ./Core/Src/main.o
                0x0000000008000ae0                SystemClock_Config
 .text.StopMode
                0x0000000008000bbc       0x28 ./Core/Src/main.o
                0x0000000008000bbc                StopMode
 .text.startup.main
                0x0000000008000be4      0x704 ./Core/Src/main.o
                0x0000000008000be4                main
 .text.HAL_MspInit
                0x00000000080012e8       0x1c ./Core/Src/stm32l0xx_hal_msp.o
                0x00000000080012e8                HAL_MspInit
 .text.HAL_LPTIM_MspInit
                0x0000000008001304       0x54 ./Core/Src/stm32l0xx_hal_msp.o
                0x0000000008001304                HAL_LPTIM_MspInit
 .text.NMI_Handler
                0x0000000008001358        0x2 ./Core/Src/stm32l0xx_it.o
                0x0000000008001358                NMI_Handler
 .text.HardFault_Handler
                0x000000000800135a        0x2 ./Core/Src/stm32l0xx_it.o
                0x000000000800135a                HardFault_Handler
 .text.SVC_Handler
                0x000000000800135c        0x2 ./Core/Src/stm32l0xx_it.o
                0x000000000800135c                SVC_Handler
 .text.PendSV_Handler
                0x000000000800135e        0x2 ./Core/Src/stm32l0xx_it.o
                0x000000000800135e                PendSV_Handler
 .text.SysTick_Handler
                0x0000000008001360       0x20 ./Core/Src/stm32l0xx_it.o
                0x0000000008001360                SysTick_Handler
 .text.EXTI0_1_IRQHandler
                0x0000000008001380        0xa ./Core/Src/stm32l0xx_it.o
                0x0000000008001380                EXTI0_1_IRQHandler
 .text.EXTI4_15_IRQHandler
                0x000000000800138a       0x16 ./Core/Src/stm32l0xx_it.o
                0x000000000800138a                EXTI4_15_IRQHandler
 .text.ADC1_COMP_IRQHandler
                0x00000000080013a0        0x2 ./Core/Src/stm32l0xx_it.o
                0x00000000080013a0                ADC1_COMP_IRQHandler
 .text.LPUART1_IRQHandler
                0x00000000080013a2        0x8 ./Core/Src/stm32l0xx_it.o
                0x00000000080013a2                LPUART1_IRQHandler
 .text.SystemInit
                0x00000000080013aa        0x2 ./Core/Src/system_stm32l0xx.o
                0x00000000080013aa                SystemInit
 .text.time_SysTick_Handler
                0x00000000080013ac       0x10 ./Core/Src/time.o
                0x00000000080013ac                time_SysTick_Handler
 .text.time_setup
                0x00000000080013bc       0x44 ./Core/Src/time.o
                0x00000000080013bc                time_setup
 .text.time_ms  0x0000000008001400        0xc ./Core/Src/time.o
                0x0000000008001400                time_ms
 .text.PrintUART
                0x000000000800140c       0x4c ./Core/Src/usart.o
                0x000000000800140c                PrintUART
 .text.isReadyByte
                0x0000000008001458        0xc ./Core/Src/usart.o
                0x0000000008001458                isReadyByte
 .text.GetUART  0x0000000008001464       0x14 ./Core/Src/usart.o
                0x0000000008001464                GetUART
 .text.LPUART1_ISR
                0x0000000008001478      0x118 ./Core/Src/usart.o
                0x0000000008001478                LPUART1_ISR
 .text.Reset_Handler
                0x0000000008001590       0x80 ./Core/Startup/startup_stm32l011f3ux.o
                0x0000000008001590                Reset_Handler
 .text.Default_Handler
                0x0000000008001610        0x2 ./Core/Startup/startup_stm32l011f3ux.o
                0x0000000008001610                PVD_IRQHandler
                0x0000000008001610                I2C1_IRQHandler
                0x0000000008001610                SPI1_IRQHandler
                0x0000000008001610                EXTI2_3_IRQHandler
                0x0000000008001610                RTC_IRQHandler
                0x0000000008001610                RCC_IRQHandler
                0x0000000008001610                DMA1_Channel1_IRQHandler
                0x0000000008001610                Default_Handler
                0x0000000008001610                DMA1_Channel4_5_IRQHandler
                0x0000000008001610                TIM21_IRQHandler
                0x0000000008001610                WWDG_IRQHandler
                0x0000000008001610                TIM2_IRQHandler
                0x0000000008001610                DMA1_Channel2_3_IRQHandler
                0x0000000008001610                USART2_IRQHandler
                0x0000000008001610                FLASH_IRQHandler
                0x0000000008001610                LPTIM1_IRQHandler
 *fill*         0x0000000008001612        0x2 
 .text.HAL_InitTick
                0x0000000008001614       0x48 ./Drivers/STM32L0xx_HAL_Driver/Src/stm32l0xx_hal.o
                0x0000000008001614                HAL_InitTick
 .text.HAL_Init
                0x000000000800165c       0x28 ./Drivers/STM32L0xx_HAL_Driver/Src/stm32l0xx_hal.o
                0x000000000800165c                HAL_Init
 .text.HAL_IncTick
                0x0000000008001684       0x18 ./Drivers/STM32L0xx_HAL_Driver/Src/stm32l0xx_hal.o
                0x0000000008001684                HAL_IncTick
 .text.HAL_GetTick
                0x000000000800169c        0xc ./Drivers/STM32L0xx_HAL_Driver/Src/stm32l0xx_hal.o
                0x000000000800169c                HAL_GetTick
 .text.HAL_Delay
                0x00000000080016a8       0x24 ./Drivers/STM32L0xx_HAL_Driver/Src/stm32l0xx_hal.o
                0x00000000080016a8                HAL_Delay
 .text.HAL_SuspendTick
                0x00000000080016cc       0x10 ./Drivers/STM32L0xx_HAL_Driver/Src/stm32l0xx_hal.o
                0x00000000080016cc                HAL_SuspendTick
 .text.HAL_ResumeTick
                0x00000000080016dc       0x10 ./Drivers/STM32L0xx_HAL_Driver/Src/stm32l0xx_hal.o
                0x00000000080016dc                HAL_ResumeTick
 .text.HAL_NVIC_SetPriority
                0x00000000080016ec       0x54 ./Drivers/STM32L0xx_HAL_Driver/Src/stm32l0xx_hal_cortex.o
                0x00000000080016ec                HAL_NVIC_SetPriority
 .text.HAL_NVIC_EnableIRQ
                0x0000000008001740       0x18 ./Drivers/STM32L0xx_HAL_Driver/Src/stm32l0xx_hal_cortex.o
                0x0000000008001740                HAL_NVIC_EnableIRQ
 .text.HAL_SYSTICK_Config
                0x0000000008001758       0x34 ./Drivers/STM32L0xx_HAL_Driver/Src/stm32l0xx_hal_cortex.o
                0x0000000008001758                HAL_SYSTICK_Config
 .text.HAL_GPIO_Init
                0x000000000800178c      0x158 ./Drivers/STM32L0xx_HAL_Driver/Src/stm32l0xx_hal_gpio.o
                0x000000000800178c                HAL_GPIO_Init
 .text.HAL_GPIO_ReadPin
                0x00000000080018e4        0xc ./Drivers/STM32L0xx_HAL_Driver/Src/stm32l0xx_hal_gpio.o
                0x00000000080018e4                HAL_GPIO_ReadPin
 .text.HAL_GPIO_WritePin
                0x00000000080018f0        0xc ./Drivers/STM32L0xx_HAL_Driver/Src/stm32l0xx_hal_gpio.o
                0x00000000080018f0                HAL_GPIO_WritePin
 .text.HAL_GPIO_EXTI_IRQHandler
                0x00000000080018fc       0x18 ./Drivers/STM32L0xx_HAL_Driver/Src/stm32l0xx_hal_gpio.o
                0x00000000080018fc                HAL_GPIO_EXTI_IRQHandler
 .text.LPTIM_WaitForFlag
                0x0000000008001914       0x3c ./Drivers/STM32L0xx_HAL_Driver/Src/stm32l0xx_hal_lptim.o
 .text.HAL_LPTIM_Init
                0x0000000008001950       0xac ./Drivers/STM32L0xx_HAL_Driver/Src/stm32l0xx_hal_lptim.o
                0x0000000008001950                HAL_LPTIM_Init
 .text.HAL_LPTIM_PWM_Start
                0x00000000080019fc       0x5c ./Drivers/STM32L0xx_HAL_Driver/Src/stm32l0xx_hal_lptim.o
                0x00000000080019fc                HAL_LPTIM_PWM_Start
 .text.LPTIM_Disable
                0x0000000008001a58       0xe4 ./Drivers/STM32L0xx_HAL_Driver/Src/stm32l0xx_hal_lptim.o
                0x0000000008001a58                LPTIM_Disable
 .text.HAL_LPTIM_PWM_Stop
                0x0000000008001b3c       0x1e ./Drivers/STM32L0xx_HAL_Driver/Src/stm32l0xx_hal_lptim.o
                0x0000000008001b3c                HAL_LPTIM_PWM_Stop
 *fill*         0x0000000008001b5a        0x2 
 .text.HAL_PWR_EnterSTOPMode
                0x0000000008001b5c       0x78 ./Drivers/STM32L0xx_HAL_Driver/Src/stm32l0xx_hal_pwr.o
                0x0000000008001b5c                HAL_PWR_EnterSTOPMode
 .text.LL_ADC_Init
                0x0000000008001bd4       0x38 ./Drivers/STM32L0xx_HAL_Driver/Src/stm32l0xx_ll_adc.o
                0x0000000008001bd4                LL_ADC_Init
 .text.LL_ADC_REG_Init
                0x0000000008001c0c       0x34 ./Drivers/STM32L0xx_HAL_Driver/Src/stm32l0xx_ll_adc.o
                0x0000000008001c0c                LL_ADC_REG_Init
 .text.LL_GPIO_Init
                0x0000000008001c40       0xa2 ./Drivers/STM32L0xx_HAL_Driver/Src/stm32l0xx_ll_gpio.o
                0x0000000008001c40                LL_GPIO_Init
 *fill*         0x0000000008001ce2        0x2 
 .text.LL_LPUART_Init
                0x0000000008001ce4       0x7c ./Drivers/STM32L0xx_HAL_Driver/Src/stm32l0xx_ll_lpuart.o
                0x0000000008001ce4                LL_LPUART_Init
 .text.LL_RCC_HSI_IsReady
                0x0000000008001d60       0x10 ./Drivers/STM32L0xx_HAL_Driver/Src/stm32l0xx_ll_rcc.o
 .text.LL_RCC_IsActiveFlag_HSIDIV
                0x0000000008001d70       0x10 ./Drivers/STM32L0xx_HAL_Driver/Src/stm32l0xx_ll_rcc.o
 .text.RCC_GetHCLKClockFreq
                0x0000000008001d80       0x18 ./Drivers/STM32L0xx_HAL_Driver/Src/stm32l0xx_ll_rcc.o
 .text.RCC_GetPCLK1ClockFreq
                0x0000000008001d98       0x18 ./Drivers/STM32L0xx_HAL_Driver/Src/stm32l0xx_ll_rcc.o
 .text.RCC_GetSystemClockFreq
                0x0000000008001db0       0x90 ./Drivers/STM32L0xx_HAL_Driver/Src/stm32l0xx_ll_rcc.o
 .text.LL_RCC_GetLPUARTClockFreq
                0x0000000008001e40       0x6c ./Drivers/STM32L0xx_HAL_Driver/Src/stm32l0xx_ll_rcc.o
                0x0000000008001e40                LL_RCC_GetLPUARTClockFreq
 .text.LL_SetSystemCoreClock
                0x0000000008001eac        0xc ./Drivers/STM32L0xx_HAL_Driver/Src/stm32l0xx_ll_utils.o
                0x0000000008001eac                LL_SetSystemCoreClock
 .text.__libc_init_array
                0x0000000008001eb8       0x48 c:/st/stm32cubeide_1.5.0/stm32cubeide/plugins/com.st.stm32cube.ide.mcu.externaltools.gnu-tools-for-stm32.10.3-2021.10.win32_1.0.0.202111181127/tools/bin/../lib/gcc/arm-none-eabi/10.3.1/../../../../arm-none-eabi/lib/thumb/v6-m/nofp\libc_nano.a(lib_a-init.o)
                0x0000000008001eb8                __libc_init_array
 .text.memcpy   0x0000000008001f00       0x12 c:/st/stm32cubeide_1.5.0/stm32cubeide/plugins/com.st.stm32cube.ide.mcu.externaltools.gnu-tools-for-stm32.10.3-2021.10.win32_1.0.0.202111181127/tools/bin/../lib/gcc/arm-none-eabi/10.3.1/../../../../arm-none-eabi/lib/thumb/v6-m/nofp\libc_nano.a(lib_a-memcpy-stub.o)
                0x0000000008001f00                memcpy
 .text.memset   0x0000000008001f12       0x10 c:/st/stm32cubeide_1.5.0/stm32cubeide/plugins/com.st.stm32cube.ide.mcu.externaltools.gnu-tools-for-stm32.10.3-2021.10.win32_1.0.0.202111181127/tools/bin/../lib/gcc/arm-none-eabi/10.3.1/../../../../arm-none-eabi/lib/thumb/v6-m/nofp\libc_nano.a(lib_a-memset.o)
                0x0000000008001f12                memset
 *(.glue_7)
 .glue_7        0x0000000008001f22        0x0 linker stubs
 *(.glue_7t)
 .glue_7t       0x0000000008001f22        0x0 linker stubs
 *(.eh_frame)
 *fill*         0x0000000008001f22        0x2 
 .eh_frame      0x0000000008001f24        0x0 c:/st/stm32cubeide_1.5.0/stm32cubeide/plugins/com.st.stm32cube.ide.mcu.externaltools.gnu-tools-for-stm32.10.3-2021.10.win32_1.0.0.202111181127/tools/bin/../lib/gcc/arm-none-eabi/10.3.1/thumb/v6-m/nofp/crtbegin.o
 *(.init)
 .init          0x0000000008001f24        0x4 c:/st/stm32cubeide_1.5.0/stm32cubeide/plugins/com.st.stm32cube.ide.mcu.externaltools.gnu-tools-for-stm32.10.3-2021.10.win32_1.0.0.202111181127/tools/bin/../lib/gcc/arm-none-eabi/10.3.1/thumb/v6-m/nofp/crti.o
                0x0000000008001f24                _init
 .init          0x0000000008001f28        0x8 c:/st/stm32cubeide_1.5.0/stm32cubeide/plugins/com.st.stm32cube.ide.mcu.externaltools.gnu-tools-for-stm32.10.3-2021.10.win32_1.0.0.202111181127/tools/bin/../lib/gcc/arm-none-eabi/10.3.1/thumb/v6-m/nofp/crtn.o
 *(.fini)
 .fini          0x0000000008001f30        0x4 c:/st/stm32cubeide_1.5.0/stm32cubeide/plugins/com.st.stm32cube.ide.mcu.externaltools.gnu-tools-for-stm32.10.3-2021.10.win32_1.0.0.202111181127/tools/bin/../lib/gcc/arm-none-eabi/10.3.1/thumb/v6-m/nofp/crti.o
                0x0000000008001f30                _fini
 .fini          0x0000000008001f34        0x8 c:/st/stm32cubeide_1.5.0/stm32cubeide/plugins/com.st.stm32cube.ide.mcu.externaltools.gnu-tools-for-stm32.10.3-2021.10.win32_1.0.0.202111181127/tools/bin/../lib/gcc/arm-none-eabi/10.3.1/thumb/v6-m/nofp/crtn.o
                0x0000000008001f3c                . = ALIGN (0x4)
                0x0000000008001f3c                _etext = .

.vfp11_veneer   0x0000000008001f3c        0x0
 .vfp11_veneer  0x0000000008001f3c        0x0 linker stubs

.v4_bx          0x0000000008001f3c        0x0
 .v4_bx         0x0000000008001f3c        0x0 linker stubs

.iplt           0x0000000008001f3c        0x0
 .iplt          0x0000000008001f3c        0x0 c:/st/stm32cubeide_1.5.0/stm32cubeide/plugins/com.st.stm32cube.ide.mcu.externaltools.gnu-tools-for-stm32.10.3-2021.10.win32_1.0.0.202111181127/tools/bin/../lib/gcc/arm-none-eabi/10.3.1/thumb/v6-m/nofp/crtbegin.o

.rodata         0x0000000008001f3c       0x84
                0x0000000008001f3c                . = ALIGN (0x4)
 *(.rodata)
 *(.rodata*)
 .rodata.Protocol.str1.1
                0x0000000008001f3c       0x5d ./Core/Src/main.o
                                         0x62 (size before relaxing)
 .rodata.main.str1.1
                0x0000000008001f99        0x6 ./Core/Src/main.o
 .rodata.AHBPrescTable
                0x0000000008001f9f       0x10 ./Core/Src/system_stm32l0xx.o
                0x0000000008001f9f                AHBPrescTable
 .rodata.APBPrescTable
                0x0000000008001faf        0x8 ./Core/Src/system_stm32l0xx.o
                0x0000000008001faf                APBPrescTable
 .rodata.PLLMulTable
                0x0000000008001fb7        0x9 ./Core/Src/system_stm32l0xx.o
                0x0000000008001fb7                PLLMulTable
                0x0000000008001fc0                . = ALIGN (0x4)

.ARM.extab      0x0000000008001fc0        0x0
                0x0000000008001fc0                . = ALIGN (0x4)
 *(.ARM.extab* .gnu.linkonce.armextab.*)
                0x0000000008001fc0                . = ALIGN (0x4)

.ARM            0x0000000008001fc0        0x8
                0x0000000008001fc0                . = ALIGN (0x4)
                0x0000000008001fc0                __exidx_start = .
 *(.ARM.exidx*)
 .ARM.exidx     0x0000000008001fc0        0x8 c:/st/stm32cubeide_1.5.0/stm32cubeide/plugins/com.st.stm32cube.ide.mcu.externaltools.gnu-tools-for-stm32.10.3-2021.10.win32_1.0.0.202111181127/tools/bin/../lib/gcc/arm-none-eabi/10.3.1/thumb/v6-m/nofp\libgcc.a(_udivmoddi4.o)
                0x0000000008001fc8                __exidx_end = .
                0x0000000008001fc8                . = ALIGN (0x4)

.rel.dyn        0x0000000008001fc8        0x0
 .rel.iplt      0x0000000008001fc8        0x0 c:/st/stm32cubeide_1.5.0/stm32cubeide/plugins/com.st.stm32cube.ide.mcu.externaltools.gnu-tools-for-stm32.10.3-2021.10.win32_1.0.0.202111181127/tools/bin/../lib/gcc/arm-none-eabi/10.3.1/thumb/v6-m/nofp/crtbegin.o

.preinit_array  0x0000000008001fc8        0x0
                0x0000000008001fc8                . = ALIGN (0x4)
                0x0000000008001fc8                PROVIDE (__preinit_array_start = .)
 *(.preinit_array*)
                0x0000000008001fc8                PROVIDE (__preinit_array_end = .)
                0x0000000008001fc8                . = ALIGN (0x4)

.init_array     0x0000000008001fc8        0x4
                0x0000000008001fc8                . = ALIGN (0x4)
                0x0000000008001fc8                PROVIDE (__init_array_start = .)
 *(SORT_BY_NAME(.init_array.*))
 *(.init_array*)
 .init_array    0x0000000008001fc8        0x4 c:/st/stm32cubeide_1.5.0/stm32cubeide/plugins/com.st.stm32cube.ide.mcu.externaltools.gnu-tools-for-stm32.10.3-2021.10.win32_1.0.0.202111181127/tools/bin/../lib/gcc/arm-none-eabi/10.3.1/thumb/v6-m/nofp/crtbegin.o
                0x0000000008001fcc                PROVIDE (__init_array_end = .)
                0x0000000008001fcc                . = ALIGN (0x4)

.fini_array     0x0000000008001fcc        0x4
                0x0000000008001fcc                . = ALIGN (0x4)
                [!provide]                        PROVIDE (__fini_array_start = .)
 *(SORT_BY_NAME(.fini_array.*))
 *(.fini_array*)
 .fini_array    0x0000000008001fcc        0x4 c:/st/stm32cubeide_1.5.0/stm32cubeide/plugins/com.st.stm32cube.ide.mcu.externaltools.gnu-tools-for-stm32.10.3-2021.10.win32_1.0.0.202111181127/tools/bin/../lib/gcc/arm-none-eabi/10.3.1/thumb/v6-m/nofp/crtbegin.o
                [!provide]                        PROVIDE (__fini_array_end = .)
                0x0000000008001fd0                . = ALIGN (0x4)
                0x0000000008001fd0                _sidata = LOADADDR (.data)

.data           0x0000000020000000       0x14 load address 0x0000000008001fd0
                0x0000000020000000                . = ALIGN (0x4)
                0x0000000020000000                _sdata = .
 *(.data)
 *(.data*)
 .data.flag_led_mode
                0x0000000020000000        0x1 ./Core/Src/main.o
                0x0000000020000000                flag_led_mode
 .data.flag_power_on
                0x0000000020000001        0x1 ./Core/Src/main.o
                0x0000000020000001                flag_power_on
 .data.flag_stop_mode
                0x0000000020000002        0x1 ./Core/Src/main.o
                0x0000000020000002                flag_stop_mode
 .data.key_done
                0x0000000020000003        0x1 ./Core/Src/main.o
                0x0000000020000003                key_done
 .data.key_pos  0x0000000020000004        0x1 ./Core/Src/main.o
                0x0000000020000004                key_pos
 *fill*         0x0000000020000005        0x3 
 .data.SystemCoreClock
                0x0000000020000008        0x4 ./Core/Src/system_stm32l0xx.o
                0x0000000020000008                SystemCoreClock
 .data.uwTickFreq
                0x000000002000000c        0x1 ./Drivers/STM32L0xx_HAL_Driver/Src/stm32l0xx_hal.o
                0x000000002000000c                uwTickFreq
 *fill*         0x000000002000000d        0x3 
 .data.uwTickPrio
                0x0000000020000010        0x4 ./Drivers/STM32L0xx_HAL_Driver/Src/stm32l0xx_hal.o
                0x0000000020000010                uwTickPrio
 *(.RamFunc)
 *(.RamFunc*)
                0x0000000020000014                . = ALIGN (0x4)
                0x0000000020000014                _edata = .

.igot.plt       0x0000000020000014        0x0 load address 0x0000000008001fe4
 .igot.plt      0x0000000020000014        0x0 c:/st/stm32cubeide_1.5.0/stm32cubeide/plugins/com.st.stm32cube.ide.mcu.externaltools.gnu-tools-for-stm32.10.3-2021.10.win32_1.0.0.202111181127/tools/bin/../lib/gcc/arm-none-eabi/10.3.1/thumb/v6-m/nofp/crtbegin.o
                0x0000000020000014                . = ALIGN (0x4)

.bss            0x0000000020000014      0x138 load address 0x0000000008001fe4
                0x0000000020000014                _sbss = .
                0x0000000020000014                __bss_start__ = _sbss
 *(.bss)
 .bss           0x0000000020000014       0x1c c:/st/stm32cubeide_1.5.0/stm32cubeide/plugins/com.st.stm32cube.ide.mcu.externaltools.gnu-tools-for-stm32.10.3-2021.10.win32_1.0.0.202111181127/tools/bin/../lib/gcc/arm-none-eabi/10.3.1/thumb/v6-m/nofp/crtbegin.o
 *(.bss*)
 .bss.CDSLight  0x0000000020000030       0x18 ./Core/Src/EEPROM.o
                0x0000000020000030                CDSLight
 .bss.LedLevel  0x0000000020000048        0x1 ./Core/Src/EEPROM.o
                0x0000000020000048                LedLevel
 *fill*         0x0000000020000049        0x1 
 .bss.LedLight  0x000000002000004a       0x18 ./Core/Src/EEPROM.o
                0x000000002000004a                LedLight
 .bss.ByteBuffer
                0x0000000020000062       0x10 ./Core/Src/main.o
                0x0000000020000062                ByteBuffer
 .bss.CommandBuffer
                0x0000000020000072       0x40 ./Core/Src/main.o
                0x0000000020000072                CommandBuffer
 .bss.LuxOut    0x00000000200000b2        0x1 ./Core/Src/main.o
                0x00000000200000b2                LuxOut
 .bss.SetLuxMode
                0x00000000200000b3        0x1 ./Core/Src/main.o
                0x00000000200000b3                SetLuxMode
 .bss.count_1s  0x00000000200000b4        0x2 ./Core/Src/main.o
                0x00000000200000b4                count_1s
 .bss.count_500ms
                0x00000000200000b6        0x2 ./Core/Src/main.o
                0x00000000200000b6                count_500ms
 .bss.flag_3_repeat
                0x00000000200000b8        0x1 ./Core/Src/main.o
                0x00000000200000b8                flag_3_repeat
 .bss.flag_change_mode
                0x00000000200000b9        0x1 ./Core/Src/main.o
                0x00000000200000b9                flag_change_mode
 .bss.flag_led_on_off
                0x00000000200000ba        0x1 ./Core/Src/main.o
                0x00000000200000ba                flag_led_on_off
 .bss.flag_low_batt
                0x00000000200000bb        0x1 ./Core/Src/main.o
                0x00000000200000bb                flag_low_batt
 .bss.hlptim1   0x00000000200000bc       0x30 ./Core/Src/main.o
                0x00000000200000bc                hlptim1
 .bss.key_adc_pressed
                0x00000000200000ec        0x2 ./Core/Src/main.o
                0x00000000200000ec                key_adc_pressed
 .bss.key_pressed
                0x00000000200000ee        0x2 ./Core/Src/main.o
                0x00000000200000ee                key_pressed
 .bss.last_time
                0x00000000200000f0        0x4 ./Core/Src/main.o
                0x00000000200000f0                last_time
 .bss.temp_key_pos
                0x00000000200000f4        0x1 ./Core/Src/main.o
                0x00000000200000f4                temp_key_pos
 *fill*         0x00000000200000f5        0x1 
 .bss.timeout   0x00000000200000f6        0x2 ./Core/Src/main.o
                0x00000000200000f6                timeout
 .bss.counter_ms
                0x00000000200000f8        0x4 ./Core/Src/time.o
                0x00000000200000f8                counter_ms
 .bss.ReadyRead
                0x00000000200000fc        0x1 ./Core/Src/usart.o
                0x00000000200000fc                ReadyRead
 .bss.RxBuffer  0x00000000200000fd       0x40 ./Core/Src/usart.o
                0x00000000200000fd                RxBuffer
 .bss.RxBytes   0x000000002000013d        0x1 ./Core/Src/usart.o
 .bss.RxCRLF    0x000000002000013e        0x1 ./Core/Src/usart.o
 .bss.RxReadBytes
                0x000000002000013f        0x1 ./Core/Src/usart.o
 .bss.TxBuffer  0x0000000020000140        0x4 ./Core/Src/usart.o
 .bss.TxBytes   0x0000000020000144        0x1 ./Core/Src/usart.o
 .bss.TxOn      0x0000000020000145        0x1 ./Core/Src/usart.o
                0x0000000020000145                TxOn
 *fill*         0x0000000020000146        0x2 
 .bss.uwTick    0x0000000020000148        0x4 ./Drivers/STM32L0xx_HAL_Driver/Src/stm32l0xx_hal.o
                0x0000000020000148                uwTick
 *(COMMON)
                0x000000002000014c                . = ALIGN (0x4)
                0x000000002000014c                _ebss = .
                0x000000002000014c                __bss_end__ = _ebss

._user_heap_stack
                0x000000002000014c      0x604 load address 0x0000000008001fe4
                0x0000000020000150                . = ALIGN (0x8)
 *fill*         0x000000002000014c        0x4 
                [!provide]                        PROVIDE (end = .)
                0x0000000020000150                PROVIDE (_end = .)
                0x0000000020000350                . = (. + _Min_Heap_Size)
 *fill*         0x0000000020000150      0x200 
                0x0000000020000750                . = (. + _Min_Stack_Size)
 *fill*         0x0000000020000350      0x400 
                0x0000000020000750                . = ALIGN (0x8)

/DISCARD/
 libc.a(*)
 libm.a(*)
 libgcc.a(*)

.ARM.attributes
                0x0000000000000000       0x28
 *(.ARM.attributes)
 .ARM.attributes
                0x0000000000000000       0x1e c:/st/stm32cubeide_1.5.0/stm32cubeide/plugins/com.st.stm32cube.ide.mcu.externaltools.gnu-tools-for-stm32.10.3-2021.10.win32_1.0.0.202111181127/tools/bin/../lib/gcc/arm-none-eabi/10.3.1/thumb/v6-m/nofp/crti.o
 .ARM.attributes
                0x000000000000001e       0x2c c:/st/stm32cubeide_1.5.0/stm32cubeide/plugins/com.st.stm32cube.ide.mcu.externaltools.gnu-tools-for-stm32.10.3-2021.10.win32_1.0.0.202111181127/tools/bin/../lib/gcc/arm-none-eabi/10.3.1/thumb/v6-m/nofp/crtbegin.o
 .ARM.attributes
                0x000000000000004a       0x2c ./Core/Src/EEPROM.o
 .ARM.attributes
                0x0000000000000076       0x2c ./Core/Src/adc.o
 .ARM.attributes
                0x00000000000000a2       0x2c ./Core/Src/main.o
 .ARM.attributes
                0x00000000000000ce       0x2c ./Core/Src/stm32l0xx_hal_msp.o
 .ARM.attributes
                0x00000000000000fa       0x2c ./Core/Src/stm32l0xx_it.o
 .ARM.attributes
                0x0000000000000126       0x2c ./Core/Src/system_stm32l0xx.o
 .ARM.attributes
                0x0000000000000152       0x2c ./Core/Src/time.o
 .ARM.attributes
                0x000000000000017e       0x2c ./Core/Src/usart.o
 .ARM.attributes
                0x00000000000001aa       0x22 ./Core/Startup/startup_stm32l011f3ux.o
 .ARM.attributes
                0x00000000000001cc       0x2c ./Drivers/STM32L0xx_HAL_Driver/Src/stm32l0xx_hal.o
 .ARM.attributes
                0x00000000000001f8       0x2c ./Drivers/STM32L0xx_HAL_Driver/Src/stm32l0xx_hal_cortex.o
 .ARM.attributes
                0x0000000000000224       0x2c ./Drivers/STM32L0xx_HAL_Driver/Src/stm32l0xx_hal_gpio.o
 .ARM.attributes
                0x0000000000000250       0x2c ./Drivers/STM32L0xx_HAL_Driver/Src/stm32l0xx_hal_lptim.o
 .ARM.attributes
                0x000000000000027c       0x2c ./Drivers/STM32L0xx_HAL_Driver/Src/stm32l0xx_hal_pwr.o
 .ARM.attributes
                0x00000000000002a8       0x2c ./Drivers/STM32L0xx_HAL_Driver/Src/stm32l0xx_ll_adc.o
 .ARM.attributes
                0x00000000000002d4       0x2c ./Drivers/STM32L0xx_HAL_Driver/Src/stm32l0xx_ll_gpio.o
 .ARM.attributes
                0x0000000000000300       0x2c ./Drivers/STM32L0xx_HAL_Driver/Src/stm32l0xx_ll_lpuart.o
 .ARM.attributes
                0x000000000000032c       0x2c ./Drivers/STM32L0xx_HAL_Driver/Src/stm32l0xx_ll_rcc.o
 .ARM.attributes
                0x0000000000000358       0x2c ./Drivers/STM32L0xx_HAL_Driver/Src/stm32l0xx_ll_utils.o
 .ARM.attributes
                0x0000000000000384       0x2c c:/st/stm32cubeide_1.5.0/stm32cubeide/plugins/com.st.stm32cube.ide.mcu.externaltools.gnu-tools-for-stm32.10.3-2021.10.win32_1.0.0.202111181127/tools/bin/../lib/gcc/arm-none-eabi/10.3.1/../../../../arm-none-eabi/lib/thumb/v6-m/nofp\libc_nano.a(lib_a-init.o)
 .ARM.attributes
                0x00000000000003b0       0x2c c:/st/stm32cubeide_1.5.0/stm32cubeide/plugins/com.st.stm32cube.ide.mcu.externaltools.gnu-tools-for-stm32.10.3-2021.10.win32_1.0.0.202111181127/tools/bin/../lib/gcc/arm-none-eabi/10.3.1/../../../../arm-none-eabi/lib/thumb/v6-m/nofp\libc_nano.a(lib_a-memcpy-stub.o)
 .ARM.attributes
                0x00000000000003dc       0x2c c:/st/stm32cubeide_1.5.0/stm32cubeide/plugins/com.st.stm32cube.ide.mcu.externaltools.gnu-tools-for-stm32.10.3-2021.10.win32_1.0.0.202111181127/tools/bin/../lib/gcc/arm-none-eabi/10.3.1/../../../../arm-none-eabi/lib/thumb/v6-m/nofp\libc_nano.a(lib_a-memset.o)
 .ARM.attributes
                0x0000000000000408       0x1c c:/st/stm32cubeide_1.5.0/stm32cubeide/plugins/com.st.stm32cube.ide.mcu.externaltools.gnu-tools-for-stm32.10.3-2021.10.win32_1.0.0.202111181127/tools/bin/../lib/gcc/arm-none-eabi/10.3.1/../../../../arm-none-eabi/lib/thumb/v6-m/nofp\libc_nano.a(lib_a-strcmp.o)
 .ARM.attributes
                0x0000000000000424       0x1c c:/st/stm32cubeide_1.5.0/stm32cubeide/plugins/com.st.stm32cube.ide.mcu.externaltools.gnu-tools-for-stm32.10.3-2021.10.win32_1.0.0.202111181127/tools/bin/../lib/gcc/arm-none-eabi/10.3.1/../../../../arm-none-eabi/lib/thumb/v6-m/nofp\libc_nano.a(lib_a-strlen.o)
 .ARM.attributes
                0x0000000000000440       0x1e c:/st/stm32cubeide_1.5.0/stm32cubeide/plugins/com.st.stm32cube.ide.mcu.externaltools.gnu-tools-for-stm32.10.3-2021.10.win32_1.0.0.202111181127/tools/bin/../lib/gcc/arm-none-eabi/10.3.1/thumb/v6-m/nofp\libgcc.a(_udivsi3.o)
 .ARM.attributes
                0x000000000000045e       0x1e c:/st/stm32cubeide_1.5.0/stm32cubeide/plugins/com.st.stm32cube.ide.mcu.externaltools.gnu-tools-for-stm32.10.3-2021.10.win32_1.0.0.202111181127/tools/bin/../lib/gcc/arm-none-eabi/10.3.1/thumb/v6-m/nofp\libgcc.a(_divsi3.o)
 .ARM.attributes
                0x000000000000047c       0x1e c:/st/stm32cubeide_1.5.0/stm32cubeide/plugins/com.st.stm32cube.ide.mcu.externaltools.gnu-tools-for-stm32.10.3-2021.10.win32_1.0.0.202111181127/tools/bin/../lib/gcc/arm-none-eabi/10.3.1/thumb/v6-m/nofp\libgcc.a(_dvmd_tls.o)
 .ARM.attributes
                0x000000000000049a       0x1e c:/st/stm32cubeide_1.5.0/stm32cubeide/plugins/com.st.stm32cube.ide.mcu.externaltools.gnu-tools-for-stm32.10.3-2021.10.win32_1.0.0.202111181127/tools/bin/../lib/gcc/arm-none-eabi/10.3.1/thumb/v6-m/nofp\libgcc.a(_aeabi_uldivmod.o)
 .ARM.attributes
                0x00000000000004b8       0x2c c:/st/stm32cubeide_1.5.0/stm32cubeide/plugins/com.st.stm32cube.ide.mcu.externaltools.gnu-tools-for-stm32.10.3-2021.10.win32_1.0.0.202111181127/tools/bin/../lib/gcc/arm-none-eabi/10.3.1/thumb/v6-m/nofp\libgcc.a(_udivmoddi4.o)
 .ARM.attributes
                0x00000000000004e4       0x1e c:/st/stm32cubeide_1.5.0/stm32cubeide/plugins/com.st.stm32cube.ide.mcu.externaltools.gnu-tools-for-stm32.10.3-2021.10.win32_1.0.0.202111181127/tools/bin/../lib/gcc/arm-none-eabi/10.3.1/thumb/v6-m/nofp\libgcc.a(_clzsi2.o)
 .ARM.attributes
                0x0000000000000502       0x1e c:/st/stm32cubeide_1.5.0/stm32cubeide/plugins/com.st.stm32cube.ide.mcu.externaltools.gnu-tools-for-stm32.10.3-2021.10.win32_1.0.0.202111181127/tools/bin/../lib/gcc/arm-none-eabi/10.3.1/thumb/v6-m/nofp\libgcc.a(_clzdi2.o)
 .ARM.attributes
                0x0000000000000520       0x1e c:/st/stm32cubeide_1.5.0/stm32cubeide/plugins/com.st.stm32cube.ide.mcu.externaltools.gnu-tools-for-stm32.10.3-2021.10.win32_1.0.0.202111181127/tools/bin/../lib/gcc/arm-none-eabi/10.3.1/thumb/v6-m/nofp/crtn.o
OUTPUT(Telescope.elf elf32-littlearm)
LOAD linker stubs
LOAD c:/st/stm32cubeide_1.5.0/stm32cubeide/plugins/com.st.stm32cube.ide.mcu.externaltools.gnu-tools-for-stm32.10.3-2021.10.win32_1.0.0.202111181127/tools/bin/../lib/gcc/arm-none-eabi/10.3.1/../../../../arm-none-eabi/lib/thumb/v6-m/nofp\libc.a
LOAD c:/st/stm32cubeide_1.5.0/stm32cubeide/plugins/com.st.stm32cube.ide.mcu.externaltools.gnu-tools-for-stm32.10.3-2021.10.win32_1.0.0.202111181127/tools/bin/../lib/gcc/arm-none-eabi/10.3.1/../../../../arm-none-eabi/lib/thumb/v6-m/nofp\libm.a
LOAD c:/st/stm32cubeide_1.5.0/stm32cubeide/plugins/com.st.stm32cube.ide.mcu.externaltools.gnu-tools-for-stm32.10.3-2021.10.win32_1.0.0.202111181127/tools/bin/../lib/gcc/arm-none-eabi/10.3.1/thumb/v6-m/nofp\libgcc.a

.debug_info     0x0000000000000000     0xb77a
 .debug_info    0x0000000000000000      0x6ce ./Core/Src/EEPROM.o
 .debug_info    0x00000000000006ce      0x873 ./Core/Src/adc.o
 .debug_info    0x0000000000000f41     0x2bc3 ./Core/Src/main.o
 .debug_info    0x0000000000003b04      0x6ca ./Core/Src/stm32l0xx_hal_msp.o
 .debug_info    0x00000000000041ce      0x21f ./Core/Src/stm32l0xx_it.o
 .debug_info    0x00000000000043ed      0x334 ./Core/Src/system_stm32l0xx.o
 .debug_info    0x0000000000004721      0x453 ./Core/Src/time.o
 .debug_info    0x0000000000004b74      0xa1d ./Core/Src/usart.o
 .debug_info    0x0000000000005591       0x22 ./Core/Startup/startup_stm32l011f3ux.o
 .debug_info    0x00000000000055b3      0x94a ./Drivers/STM32L0xx_HAL_Driver/Src/stm32l0xx_hal.o
 .debug_info    0x0000000000005efd      0x87b ./Drivers/STM32L0xx_HAL_Driver/Src/stm32l0xx_hal_cortex.o
 .debug_info    0x0000000000006778      0x6e1 ./Drivers/STM32L0xx_HAL_Driver/Src/stm32l0xx_hal_gpio.o
 .debug_info    0x0000000000006e59     0x148d ./Drivers/STM32L0xx_HAL_Driver/Src/stm32l0xx_hal_lptim.o
 .debug_info    0x00000000000082e6      0x671 ./Drivers/STM32L0xx_HAL_Driver/Src/stm32l0xx_hal_pwr.o
 .debug_info    0x0000000000008957      0x964 ./Drivers/STM32L0xx_HAL_Driver/Src/stm32l0xx_ll_adc.o
 .debug_info    0x00000000000092bb      0x770 ./Drivers/STM32L0xx_HAL_Driver/Src/stm32l0xx_ll_gpio.o
 .debug_info    0x0000000000009a2b      0x631 ./Drivers/STM32L0xx_HAL_Driver/Src/stm32l0xx_ll_lpuart.o
 .debug_info    0x000000000000a05c      0xa88 ./Drivers/STM32L0xx_HAL_Driver/Src/stm32l0xx_ll_rcc.o
 .debug_info    0x000000000000aae4      0xc96 ./Drivers/STM32L0xx_HAL_Driver/Src/stm32l0xx_ll_utils.o

.debug_abbrev   0x0000000000000000     0x2c96
 .debug_abbrev  0x0000000000000000      0x2ad ./Core/Src/EEPROM.o
 .debug_abbrev  0x00000000000002ad      0x2e3 ./Core/Src/adc.o
 .debug_abbrev  0x0000000000000590      0x536 ./Core/Src/main.o
 .debug_abbrev  0x0000000000000ac6      0x1b8 ./Core/Src/stm32l0xx_hal_msp.o
 .debug_abbrev  0x0000000000000c7e      0x173 ./Core/Src/stm32l0xx_it.o
 .debug_abbrev  0x0000000000000df1      0x134 ./Core/Src/system_stm32l0xx.o
 .debug_abbrev  0x0000000000000f25      0x1e9 ./Core/Src/time.o
 .debug_abbrev  0x000000000000110e      0x2db ./Core/Src/usart.o
 .debug_abbrev  0x00000000000013e9       0x12 ./Core/Startup/startup_stm32l011f3ux.o
 .debug_abbrev  0x00000000000013fb      0x301 ./Drivers/STM32L0xx_HAL_Driver/Src/stm32l0xx_hal.o
 .debug_abbrev  0x00000000000016fc      0x267 ./Drivers/STM32L0xx_HAL_Driver/Src/stm32l0xx_hal_cortex.o
 .debug_abbrev  0x0000000000001963      0x1d8 ./Drivers/STM32L0xx_HAL_Driver/Src/stm32l0xx_hal_gpio.o
 .debug_abbrev  0x0000000000001b3b      0x2d2 ./Drivers/STM32L0xx_HAL_Driver/Src/stm32l0xx_hal_lptim.o
 .debug_abbrev  0x0000000000001e0d      0x18f ./Drivers/STM32L0xx_HAL_Driver/Src/stm32l0xx_hal_pwr.o
 .debug_abbrev  0x0000000000001f9c      0x28d ./Drivers/STM32L0xx_HAL_Driver/Src/stm32l0xx_ll_adc.o
 .debug_abbrev  0x0000000000002229      0x1f9 ./Drivers/STM32L0xx_HAL_Driver/Src/stm32l0xx_ll_gpio.o
 .debug_abbrev  0x0000000000002422      0x20f ./Drivers/STM32L0xx_HAL_Driver/Src/stm32l0xx_ll_lpuart.o
 .debug_abbrev  0x0000000000002631      0x306 ./Drivers/STM32L0xx_HAL_Driver/Src/stm32l0xx_ll_rcc.o
 .debug_abbrev  0x0000000000002937      0x35f ./Drivers/STM32L0xx_HAL_Driver/Src/stm32l0xx_ll_utils.o

.debug_loc      0x0000000000000000     0x43fb
 .debug_loc     0x0000000000000000      0x54d ./Core/Src/EEPROM.o
 .debug_loc     0x000000000000054d      0x291 ./Core/Src/adc.o
 .debug_loc     0x00000000000007de      0x9e4 ./Core/Src/main.o
 .debug_loc     0x00000000000011c2       0x57 ./Core/Src/stm32l0xx_hal_msp.o
 .debug_loc     0x0000000000001219      0x178 ./Core/Src/system_stm32l0xx.o
 .debug_loc     0x0000000000001391       0x51 ./Core/Src/time.o
 .debug_loc     0x00000000000013e2      0x2e0 ./Core/Src/usart.o
 .debug_loc     0x00000000000016c2      0x13e ./Drivers/STM32L0xx_HAL_Driver/Src/stm32l0xx_hal.o
 .debug_loc     0x0000000000001800      0x435 ./Drivers/STM32L0xx_HAL_Driver/Src/stm32l0xx_hal_cortex.o
 .debug_loc     0x0000000000001c35      0x394 ./Drivers/STM32L0xx_HAL_Driver/Src/stm32l0xx_hal_gpio.o
 .debug_loc     0x0000000000001fc9      0xdfb ./Drivers/STM32L0xx_HAL_Driver/Src/stm32l0xx_hal_lptim.o
 .debug_loc     0x0000000000002dc4      0x1f9 ./Drivers/STM32L0xx_HAL_Driver/Src/stm32l0xx_hal_pwr.o
 .debug_loc     0x0000000000002fbd      0x359 ./Drivers/STM32L0xx_HAL_Driver/Src/stm32l0xx_ll_adc.o
 .debug_loc     0x0000000000003316      0x333 ./Drivers/STM32L0xx_HAL_Driver/Src/stm32l0xx_ll_gpio.o
 .debug_loc     0x0000000000003649      0x21e ./Drivers/STM32L0xx_HAL_Driver/Src/stm32l0xx_ll_lpuart.o
 .debug_loc     0x0000000000003867      0x451 ./Drivers/STM32L0xx_HAL_Driver/Src/stm32l0xx_ll_rcc.o
 .debug_loc     0x0000000000003cb8      0x743 ./Drivers/STM32L0xx_HAL_Driver/Src/stm32l0xx_ll_utils.o

.debug_aranges  0x0000000000000000      0x730
 .debug_aranges
                0x0000000000000000       0x58 ./Core/Src/EEPROM.o
 .debug_aranges
                0x0000000000000058       0x40 ./Core/Src/adc.o
 .debug_aranges
                0x0000000000000098       0x68 ./Core/Src/main.o
 .debug_aranges
                0x0000000000000100       0x30 ./Core/Src/stm32l0xx_hal_msp.o
 .debug_aranges
                0x0000000000000130       0x50 ./Core/Src/stm32l0xx_it.o
 .debug_aranges
                0x0000000000000180       0x28 ./Core/Src/system_stm32l0xx.o
 .debug_aranges
                0x00000000000001a8       0x30 ./Core/Src/time.o
 .debug_aranges
                0x00000000000001d8       0x40 ./Core/Src/usart.o
 .debug_aranges
                0x0000000000000218       0x28 ./Core/Startup/startup_stm32l011f3ux.o
 .debug_aranges
                0x0000000000000240      0x108 ./Drivers/STM32L0xx_HAL_Driver/Src/stm32l0xx_hal.o
 .debug_aranges
                0x0000000000000348       0x78 ./Drivers/STM32L0xx_HAL_Driver/Src/stm32l0xx_hal_cortex.o
 .debug_aranges
                0x00000000000003c0       0x58 ./Drivers/STM32L0xx_HAL_Driver/Src/stm32l0xx_hal_gpio.o
 .debug_aranges
                0x0000000000000418      0x100 ./Drivers/STM32L0xx_HAL_Driver/Src/stm32l0xx_hal_lptim.o
 .debug_aranges
                0x0000000000000518       0xa0 ./Drivers/STM32L0xx_HAL_Driver/Src/stm32l0xx_hal_pwr.o
 .debug_aranges
                0x00000000000005b8       0x58 ./Drivers/STM32L0xx_HAL_Driver/Src/stm32l0xx_ll_adc.o
 .debug_aranges
                0x0000000000000610       0x30 ./Drivers/STM32L0xx_HAL_Driver/Src/stm32l0xx_ll_gpio.o
 .debug_aranges
                0x0000000000000640       0x30 ./Drivers/STM32L0xx_HAL_Driver/Src/stm32l0xx_ll_lpuart.o
 .debug_aranges
                0x0000000000000670       0x70 ./Drivers/STM32L0xx_HAL_Driver/Src/stm32l0xx_ll_rcc.o
 .debug_aranges
                0x00000000000006e0       0x50 ./Drivers/STM32L0xx_HAL_Driver/Src/stm32l0xx_ll_utils.o

.debug_ranges   0x0000000000000000     0x11d0
 .debug_ranges  0x0000000000000000       0xb0 ./Core/Src/EEPROM.o
 .debug_ranges  0x00000000000000b0       0x98 ./Core/Src/adc.o
 .debug_ranges  0x0000000000000148      0x420 ./Core/Src/main.o
 .debug_ranges  0x0000000000000568       0x40 ./Core/Src/stm32l0xx_hal_msp.o
 .debug_ranges  0x00000000000005a8       0x40 ./Core/Src/stm32l0xx_it.o
 .debug_ranges  0x00000000000005e8       0x18 ./Core/Src/system_stm32l0xx.o
 .debug_ranges  0x0000000000000600       0x60 ./Core/Src/time.o
 .debug_ranges  0x0000000000000660      0x100 ./Core/Src/usart.o
 .debug_ranges  0x0000000000000760       0x20 ./Core/Startup/startup_stm32l011f3ux.o
 .debug_ranges  0x0000000000000780       0xf8 ./Drivers/STM32L0xx_HAL_Driver/Src/stm32l0xx_hal.o
 .debug_ranges  0x0000000000000878      0x108 ./Drivers/STM32L0xx_HAL_Driver/Src/stm32l0xx_hal_cortex.o
 .debug_ranges  0x0000000000000980       0x48 ./Drivers/STM32L0xx_HAL_Driver/Src/stm32l0xx_hal_gpio.o
 .debug_ranges  0x00000000000009c8      0x108 ./Drivers/STM32L0xx_HAL_Driver/Src/stm32l0xx_hal_lptim.o
 .debug_ranges  0x0000000000000ad0       0x90 ./Drivers/STM32L0xx_HAL_Driver/Src/stm32l0xx_hal_pwr.o
 .debug_ranges  0x0000000000000b60       0xc8 ./Drivers/STM32L0xx_HAL_Driver/Src/stm32l0xx_ll_adc.o
 .debug_ranges  0x0000000000000c28       0x60 ./Drivers/STM32L0xx_HAL_Driver/Src/stm32l0xx_ll_gpio.o
 .debug_ranges  0x0000000000000c88       0x58 ./Drivers/STM32L0xx_HAL_Driver/Src/stm32l0xx_ll_lpuart.o
 .debug_ranges  0x0000000000000ce0      0x220 ./Drivers/STM32L0xx_HAL_Driver/Src/stm32l0xx_ll_rcc.o
 .debug_ranges  0x0000000000000f00      0x2d0 ./Drivers/STM32L0xx_HAL_Driver/Src/stm32l0xx_ll_utils.o

.debug_macro    0x0000000000000000    0x138ed
 .debug_macro   0x0000000000000000      0x1d0 ./Core/Src/EEPROM.o
 .debug_macro   0x00000000000001d0      0xa5a ./Core/Src/EEPROM.o
 .debug_macro   0x0000000000000c2a       0x2e ./Core/Src/EEPROM.o
 .debug_macro   0x0000000000000c58       0x28 ./Core/Src/EEPROM.o
 .debug_macro   0x0000000000000c80       0x22 ./Core/Src/EEPROM.o
 .debug_macro   0x0000000000000ca2       0x8e ./Core/Src/EEPROM.o
 .debug_macro   0x0000000000000d30       0x51 ./Core/Src/EEPROM.o
 .debug_macro   0x0000000000000d81      0x103 ./Core/Src/EEPROM.o
 .debug_macro   0x0000000000000e84       0x6a ./Core/Src/EEPROM.o
 .debug_macro   0x0000000000000eee      0x1df ./Core/Src/EEPROM.o
 .debug_macro   0x00000000000010cd       0x1c ./Core/Src/EEPROM.o
 .debug_macro   0x00000000000010e9       0x22 ./Core/Src/EEPROM.o
 .debug_macro   0x000000000000110b       0xaf ./Core/Src/EEPROM.o
 .debug_macro   0x00000000000011ba      0x3ad ./Core/Src/EEPROM.o
 .debug_macro   0x0000000000001567     0x7ba3 ./Core/Src/EEPROM.o
 .debug_macro   0x000000000000910a       0x66 ./Core/Src/EEPROM.o
 .debug_macro   0x0000000000009170      0x11f ./Core/Src/EEPROM.o
 .debug_macro   0x000000000000928f     0x355c ./Core/Src/EEPROM.o
 .debug_macro   0x000000000000c7eb      0x174 ./Core/Src/EEPROM.o
 .debug_macro   0x000000000000c95f       0x5b ./Core/Src/EEPROM.o
 .debug_macro   0x000000000000c9ba      0x899 ./Core/Src/EEPROM.o
 .debug_macro   0x000000000000d253      0x42e ./Core/Src/EEPROM.o
 .debug_macro   0x000000000000d681      0x182 ./Core/Src/EEPROM.o
 .debug_macro   0x000000000000d803      0x13f ./Core/Src/EEPROM.o
 .debug_macro   0x000000000000d942       0xf1 ./Core/Src/EEPROM.o
 .debug_macro   0x000000000000da33       0x82 ./Core/Src/EEPROM.o
 .debug_macro   0x000000000000dab5      0x28e ./Core/Src/EEPROM.o
 .debug_macro   0x000000000000dd43       0x28 ./Core/Src/EEPROM.o
 .debug_macro   0x000000000000dd6b      0x129 ./Core/Src/EEPROM.o
 .debug_macro   0x000000000000de94      0x244 ./Core/Src/EEPROM.o
 .debug_macro   0x000000000000e0d8      0x22c ./Core/Src/EEPROM.o
 .debug_macro   0x000000000000e304       0x5b ./Core/Src/EEPROM.o
 .debug_macro   0x000000000000e35f       0xa5 ./Core/Src/EEPROM.o
 .debug_macro   0x000000000000e404      0x25c ./Core/Src/EEPROM.o
 .debug_macro   0x000000000000e660      0x187 ./Core/Src/EEPROM.o
 .debug_macro   0x000000000000e7e7       0x16 ./Core/Src/EEPROM.o
 .debug_macro   0x000000000000e7fd      0x11c ./Core/Src/EEPROM.o
 .debug_macro   0x000000000000e919       0x3a ./Core/Src/EEPROM.o
 .debug_macro   0x000000000000e953       0x28 ./Core/Src/EEPROM.o
 .debug_macro   0x000000000000e97b      0x22f ./Core/Src/adc.o
 .debug_macro   0x000000000000ebaa      0x6b0 ./Core/Src/adc.o
 .debug_macro   0x000000000000f25a      0x229 ./Core/Src/adc.o
 .debug_macro   0x000000000000f483      0x3b4 ./Core/Src/adc.o
 .debug_macro   0x000000000000f837       0xa7 ./Core/Src/adc.o
 .debug_macro   0x000000000000f8de      0x13d ./Core/Src/adc.o
 .debug_macro   0x000000000000fa1b      0x109 ./Core/Src/adc.o
 .debug_macro   0x000000000000fb24       0x16 ./Core/Src/adc.o
 .debug_macro   0x000000000000fb3a       0x2a ./Core/Src/adc.o
 .debug_macro   0x000000000000fb64       0xdb ./Core/Src/adc.o
 .debug_macro   0x000000000000fc3f      0x285 ./Core/Src/adc.o
 .debug_macro   0x000000000000fec4      0x12d ./Core/Src/adc.o
 .debug_macro   0x000000000000fff1       0x88 ./Core/Src/adc.o
 .debug_macro   0x0000000000010079      0x344 ./Core/Src/main.o
 .debug_macro   0x00000000000103bd       0x52 ./Core/Src/main.o
 .debug_macro   0x000000000001040f       0x18 ./Core/Src/main.o
 .debug_macro   0x0000000000010427       0x3c ./Core/Src/main.o
 .debug_macro   0x0000000000010463       0x34 ./Core/Src/main.o
 .debug_macro   0x0000000000010497       0x16 ./Core/Src/main.o
 .debug_macro   0x00000000000104ad       0x43 ./Core/Src/main.o
 .debug_macro   0x00000000000104f0       0x34 ./Core/Src/main.o
 .debug_macro   0x0000000000010524       0x10 ./Core/Src/main.o
 .debug_macro   0x0000000000010534       0x58 ./Core/Src/main.o
 .debug_macro   0x000000000001058c       0x71 ./Core/Src/main.o
 .debug_macro   0x00000000000105fd       0x1c ./Core/Src/main.o
 .debug_macro   0x0000000000010619      0x12a ./Core/Src/main.o
 .debug_macro   0x0000000000010743      0x341 ./Core/Src/main.o
 .debug_macro   0x0000000000010a84       0x10 ./Core/Src/main.o
 .debug_macro   0x0000000000010a94       0x35 ./Core/Src/main.o
 .debug_macro   0x0000000000010ac9       0x20 ./Core/Src/main.o
 .debug_macro   0x0000000000010ae9       0x22 ./Core/Src/main.o
 .debug_macro   0x0000000000010b0b       0x3a ./Core/Src/main.o
 .debug_macro   0x0000000000010b45       0x10 ./Core/Src/main.o
 .debug_macro   0x0000000000010b55      0x241 ./Core/Src/main.o
 .debug_macro   0x0000000000010d96      0x222 ./Core/Src/stm32l0xx_hal_msp.o
 .debug_macro   0x0000000000010fb8      0x23a ./Core/Src/stm32l0xx_it.o
 .debug_macro   0x00000000000111f2      0x1a6 ./Core/Src/system_stm32l0xx.o
 .debug_macro   0x0000000000011398      0x1b0 ./Core/Src/time.o
 .debug_macro   0x0000000000011548      0x302 ./Core/Src/usart.o
 .debug_macro   0x000000000001184a       0x55 ./Core/Src/usart.o
 .debug_macro   0x000000000001189f      0x1ca ./Drivers/STM32L0xx_HAL_Driver/Src/stm32l0xx_hal.o
 .debug_macro   0x0000000000011a69      0x1a6 ./Drivers/STM32L0xx_HAL_Driver/Src/stm32l0xx_hal_cortex.o
 .debug_macro   0x0000000000011c0f      0x1ad ./Drivers/STM32L0xx_HAL_Driver/Src/stm32l0xx_hal_gpio.o
 .debug_macro   0x0000000000011dbc      0x1ae ./Drivers/STM32L0xx_HAL_Driver/Src/stm32l0xx_hal_lptim.o
 .debug_macro   0x0000000000011f6a      0x1be ./Drivers/STM32L0xx_HAL_Driver/Src/stm32l0xx_hal_pwr.o
 .debug_macro   0x0000000000012128      0x21d ./Drivers/STM32L0xx_HAL_Driver/Src/stm32l0xx_ll_adc.o
 .debug_macro   0x0000000000012345      0x6aa ./Drivers/STM32L0xx_HAL_Driver/Src/stm32l0xx_ll_adc.o
 .debug_macro   0x00000000000129ef      0x1e8 ./Drivers/STM32L0xx_HAL_Driver/Src/stm32l0xx_ll_gpio.o
 .debug_macro   0x0000000000012bd7      0x127 ./Drivers/STM32L0xx_HAL_Driver/Src/stm32l0xx_ll_gpio.o
 .debug_macro   0x0000000000012cfe      0x1fd ./Drivers/STM32L0xx_HAL_Driver/Src/stm32l0xx_ll_lpuart.o
 .debug_macro   0x0000000000012efb      0x223 ./Drivers/STM32L0xx_HAL_Driver/Src/stm32l0xx_ll_lpuart.o
 .debug_macro   0x000000000001311e      0x1d3 ./Drivers/STM32L0xx_HAL_Driver/Src/stm32l0xx_ll_rcc.o
 .debug_macro   0x00000000000132f1      0x3ae ./Drivers/STM32L0xx_HAL_Driver/Src/stm32l0xx_ll_rcc.o
 .debug_macro   0x000000000001369f      0x24e ./Drivers/STM32L0xx_HAL_Driver/Src/stm32l0xx_ll_utils.o

.debug_line     0x0000000000000000     0xd75d
 .debug_line    0x0000000000000000      0xa37 ./Core/Src/EEPROM.o
 .debug_line    0x0000000000000a37      0xbe6 ./Core/Src/adc.o
 .debug_line    0x000000000000161d     0x1c14 ./Core/Src/main.o
 .debug_line    0x0000000000003231      0x854 ./Core/Src/stm32l0xx_hal_msp.o
 .debug_line    0x0000000000003a85      0x8c1 ./Core/Src/stm32l0xx_it.o
 .debug_line    0x0000000000004346      0x786 ./Core/Src/system_stm32l0xx.o
 .debug_line    0x0000000000004acc      0x76e ./Core/Src/time.o
 .debug_line    0x000000000000523a      0xd94 ./Core/Src/usart.o
 .debug_line    0x0000000000005fce       0x9b ./Core/Startup/startup_stm32l011f3ux.o
 .debug_line    0x0000000000006069      0xb36 ./Drivers/STM32L0xx_HAL_Driver/Src/stm32l0xx_hal.o
 .debug_line    0x0000000000006b9f      0xa36 ./Drivers/STM32L0xx_HAL_Driver/Src/stm32l0xx_hal_cortex.o
 .debug_line    0x00000000000075d5      0xb44 ./Drivers/STM32L0xx_HAL_Driver/Src/stm32l0xx_hal_gpio.o
 .debug_line    0x0000000000008119     0x1601 ./Drivers/STM32L0xx_HAL_Driver/Src/stm32l0xx_hal_lptim.o
 .debug_line    0x000000000000971a      0x9d1 ./Drivers/STM32L0xx_HAL_Driver/Src/stm32l0xx_hal_pwr.o
 .debug_line    0x000000000000a0eb      0xa61 ./Drivers/STM32L0xx_HAL_Driver/Src/stm32l0xx_ll_adc.o
 .debug_line    0x000000000000ab4c      0x8e4 ./Drivers/STM32L0xx_HAL_Driver/Src/stm32l0xx_ll_gpio.o
 .debug_line    0x000000000000b430      0x857 ./Drivers/STM32L0xx_HAL_Driver/Src/stm32l0xx_ll_lpuart.o
 .debug_line    0x000000000000bc87      0xd2d ./Drivers/STM32L0xx_HAL_Driver/Src/stm32l0xx_ll_rcc.o
 .debug_line    0x000000000000c9b4      0xda9 ./Drivers/STM32L0xx_HAL_Driver/Src/stm32l0xx_ll_utils.o

.debug_str      0x0000000000000000    0x6d786
 .debug_str     0x0000000000000000    0x5c084 ./Core/Src/EEPROM.o
                                      0x5c8b8 (size before relaxing)
 .debug_str     0x000000000005c084     0x9e17 ./Core/Src/adc.o
                                      0x6652c (size before relaxing)
 .debug_str     0x0000000000065e9b     0x3eb0 ./Core/Src/main.o
                                      0x6a4a4 (size before relaxing)
 .debug_str     0x0000000000069d4b       0x69 ./Core/Src/stm32l0xx_hal_msp.o
                                      0x664ad (size before relaxing)
 .debug_str     0x0000000000069db4       0xd3 ./Core/Src/stm32l0xx_it.o
                                      0x6622b (size before relaxing)
 .debug_str     0x0000000000069e87       0x97 ./Core/Src/system_stm32l0xx.o
                                      0x5c729 (size before relaxing)
 .debug_str     0x0000000000069f1e       0x4b ./Core/Src/time.o
                                      0x5c869 (size before relaxing)
 .debug_str     0x0000000000069f69      0x14e ./Core/Src/usart.o
                                      0x692fc (size before relaxing)
 .debug_str     0x000000000006a0b7       0x36 ./Core/Startup/startup_stm32l011f3ux.o
                                         0x66 (size before relaxing)
 .debug_str     0x000000000006a0ed      0x3f3 ./Drivers/STM32L0xx_HAL_Driver/Src/stm32l0xx_hal.o
                                      0x5cdbe (size before relaxing)
 .debug_str     0x000000000006a4e0      0x11c ./Drivers/STM32L0xx_HAL_Driver/Src/stm32l0xx_hal_cortex.o
                                      0x5ca05 (size before relaxing)
 .debug_str     0x000000000006a5fc       0xaf ./Drivers/STM32L0xx_HAL_Driver/Src/stm32l0xx_hal_gpio.o
                                      0x5c8bb (size before relaxing)
 .debug_str     0x000000000006a6ab      0x445 ./Drivers/STM32L0xx_HAL_Driver/Src/stm32l0xx_hal_lptim.o
                                      0x5cd71 (size before relaxing)
 .debug_str     0x000000000006aaf0      0x240 ./Drivers/STM32L0xx_HAL_Driver/Src/stm32l0xx_hal_pwr.o
                                      0x5c9a6 (size before relaxing)
 .debug_str     0x000000000006ad30      0xdd5 ./Drivers/STM32L0xx_HAL_Driver/Src/stm32l0xx_ll_adc.o
                                      0x61eeb (size before relaxing)
 .debug_str     0x000000000006bb05      0x541 ./Drivers/STM32L0xx_HAL_Driver/Src/stm32l0xx_ll_gpio.o
                                      0x5d7d3 (size before relaxing)
 .debug_str     0x000000000006c046      0x564 ./Drivers/STM32L0xx_HAL_Driver/Src/stm32l0xx_ll_lpuart.o
                                      0x5f5cf (size before relaxing)
 .debug_str     0x000000000006c5aa      0x50b ./Drivers/STM32L0xx_HAL_Driver/Src/stm32l0xx_ll_rcc.o
                                      0x5e510 (size before relaxing)
 .debug_str     0x000000000006cab5      0xcd1 ./Drivers/STM32L0xx_HAL_Driver/Src/stm32l0xx_ll_utils.o
                                      0x5fc03 (size before relaxing)

.comment        0x0000000000000000       0x50
 .comment       0x0000000000000000       0x50 ./Core/Src/EEPROM.o
                                         0x51 (size before relaxing)
 .comment       0x0000000000000050       0x51 ./Core/Src/adc.o
 .comment       0x0000000000000050       0x51 ./Core/Src/main.o
 .comment       0x0000000000000050       0x51 ./Core/Src/stm32l0xx_hal_msp.o
 .comment       0x0000000000000050       0x51 ./Core/Src/stm32l0xx_it.o
 .comment       0x0000000000000050       0x51 ./Core/Src/system_stm32l0xx.o
 .comment       0x0000000000000050       0x51 ./Core/Src/time.o
 .comment       0x0000000000000050       0x51 ./Core/Src/usart.o
 .comment       0x0000000000000050       0x51 ./Drivers/STM32L0xx_HAL_Driver/Src/stm32l0xx_hal.o
 .comment       0x0000000000000050       0x51 ./Drivers/STM32L0xx_HAL_Driver/Src/stm32l0xx_hal_cortex.o
 .comment       0x0000000000000050       0x51 ./Drivers/STM32L0xx_HAL_Driver/Src/stm32l0xx_hal_gpio.o
 .comment       0x0000000000000050       0x51 ./Drivers/STM32L0xx_HAL_Driver/Src/stm32l0xx_hal_lptim.o
 .comment       0x0000000000000050       0x51 ./Drivers/STM32L0xx_HAL_Driver/Src/stm32l0xx_hal_pwr.o
 .comment       0x0000000000000050       0x51 ./Drivers/STM32L0xx_HAL_Driver/Src/stm32l0xx_ll_adc.o
 .comment       0x0000000000000050       0x51 ./Drivers/STM32L0xx_HAL_Driver/Src/stm32l0xx_ll_gpio.o
 .comment       0x0000000000000050       0x51 ./Drivers/STM32L0xx_HAL_Driver/Src/stm32l0xx_ll_lpuart.o
 .comment       0x0000000000000050       0x51 ./Drivers/STM32L0xx_HAL_Driver/Src/stm32l0xx_ll_rcc.o
 .comment       0x0000000000000050       0x51 ./Drivers/STM32L0xx_HAL_Driver/Src/stm32l0xx_ll_utils.o

.debug_frame    0x0000000000000000     0x11bc
 .debug_frame   0x0000000000000000       0x98 ./Core/Src/EEPROM.o
 .debug_frame   0x0000000000000098       0x78 ./Core/Src/adc.o
 .debug_frame   0x0000000000000110      0x124 ./Core/Src/main.o
 .debug_frame   0x0000000000000234       0x54 ./Core/Src/stm32l0xx_hal_msp.o
 .debug_frame   0x0000000000000288       0xc0 ./Core/Src/stm32l0xx_it.o
 .debug_frame   0x0000000000000348       0x3c ./Core/Src/system_stm32l0xx.o
 .debug_frame   0x0000000000000384       0x48 ./Core/Src/time.o
 .debug_frame   0x00000000000003cc       0x70 ./Core/Src/usart.o
 .debug_frame   0x000000000000043c      0x234 ./Drivers/STM32L0xx_HAL_Driver/Src/stm32l0xx_hal.o
 .debug_frame   0x0000000000000670       0xe4 ./Drivers/STM32L0xx_HAL_Driver/Src/stm32l0xx_hal_cortex.o
 .debug_frame   0x0000000000000754       0xbc ./Drivers/STM32L0xx_HAL_Driver/Src/stm32l0xx_hal_gpio.o
 .debug_frame   0x0000000000000810      0x430 ./Drivers/STM32L0xx_HAL_Driver/Src/stm32l0xx_hal_lptim.o
 .debug_frame   0x0000000000000c40      0x14c ./Drivers/STM32L0xx_HAL_Driver/Src/stm32l0xx_hal_pwr.o
 .debug_frame   0x0000000000000d8c       0xc0 ./Drivers/STM32L0xx_HAL_Driver/Src/stm32l0xx_ll_adc.o
 .debug_frame   0x0000000000000e4c       0x54 ./Drivers/STM32L0xx_HAL_Driver/Src/stm32l0xx_ll_gpio.o
 .debug_frame   0x0000000000000ea0       0x50 ./Drivers/STM32L0xx_HAL_Driver/Src/stm32l0xx_ll_lpuart.o
 .debug_frame   0x0000000000000ef0       0xfc ./Drivers/STM32L0xx_HAL_Driver/Src/stm32l0xx_ll_rcc.o
 .debug_frame   0x0000000000000fec       0xc0 ./Drivers/STM32L0xx_HAL_Driver/Src/stm32l0xx_ll_utils.o
 .debug_frame   0x00000000000010ac       0x2c c:/st/stm32cubeide_1.5.0/stm32cubeide/plugins/com.st.stm32cube.ide.mcu.externaltools.gnu-tools-for-stm32.10.3-2021.10.win32_1.0.0.202111181127/tools/bin/../lib/gcc/arm-none-eabi/10.3.1/../../../../arm-none-eabi/lib/thumb/v6-m/nofp\libc_nano.a(lib_a-init.o)
 .debug_frame   0x00000000000010d8       0x28 c:/st/stm32cubeide_1.5.0/stm32cubeide/plugins/com.st.stm32cube.ide.mcu.externaltools.gnu-tools-for-stm32.10.3-2021.10.win32_1.0.0.202111181127/tools/bin/../lib/gcc/arm-none-eabi/10.3.1/../../../../arm-none-eabi/lib/thumb/v6-m/nofp\libc_nano.a(lib_a-memcpy-stub.o)
 .debug_frame   0x0000000000001100       0x20 c:/st/stm32cubeide_1.5.0/stm32cubeide/plugins/com.st.stm32cube.ide.mcu.externaltools.gnu-tools-for-stm32.10.3-2021.10.win32_1.0.0.202111181127/tools/bin/../lib/gcc/arm-none-eabi/10.3.1/../../../../arm-none-eabi/lib/thumb/v6-m/nofp\libc_nano.a(lib_a-memset.o)
 .debug_frame   0x0000000000001120       0x20 c:/st/stm32cubeide_1.5.0/stm32cubeide/plugins/com.st.stm32cube.ide.mcu.externaltools.gnu-tools-for-stm32.10.3-2021.10.win32_1.0.0.202111181127/tools/bin/../lib/gcc/arm-none-eabi/10.3.1/../../../../arm-none-eabi/lib/thumb/v6-m/nofp\libc_nano.a(lib_a-strcmp.o)
 .debug_frame   0x0000000000001140       0x20 c:/st/stm32cubeide_1.5.0/stm32cubeide/plugins/com.st.stm32cube.ide.mcu.externaltools.gnu-tools-for-stm32.10.3-2021.10.win32_1.0.0.202111181127/tools/bin/../lib/gcc/arm-none-eabi/10.3.1/thumb/v6-m/nofp\libgcc.a(_udivsi3.o)
 .debug_frame   0x0000000000001160       0x20 c:/st/stm32cubeide_1.5.0/stm32cubeide/plugins/com.st.stm32cube.ide.mcu.externaltools.gnu-tools-for-stm32.10.3-2021.10.win32_1.0.0.202111181127/tools/bin/../lib/gcc/arm-none-eabi/10.3.1/thumb/v6-m/nofp\libgcc.a(_divsi3.o)
 .debug_frame   0x0000000000001180       0x3c c:/st/stm32cubeide_1.5.0/stm32cubeide/plugins/com.st.stm32cube.ide.mcu.externaltools.gnu-tools-for-stm32.10.3-2021.10.win32_1.0.0.202111181127/tools/bin/../lib/gcc/arm-none-eabi/10.3.1/thumb/v6-m/nofp\libgcc.a(_udivmoddi4.o)
