../Core/Src/stm32l0xx_it.c:75:6:NMI_Handler	0	static
../Core/Src/stm32l0xx_it.c:90:6:HardFault_Handler	0	static
../Core/Src/stm32l0xx_it.c:105:6:SVC_Handler	0	static
../Core/Src/stm32l0xx_it.c:118:6:PendSV_Handler	0	static
../Core/Src/stm32l0xx_it.c:131:6:SysTick_Handler	8	static
../Core/Src/stm32l0xx_it.c:153:6:EXTI0_1_IRQHandler	8	static
../Core/Src/stm32l0xx_it.c:167:6:EXTI4_15_IRQHandler	8	static
../Core/Src/stm32l0xx_it.c:183:6:ADC1_COMP_IRQHandler	0	static
../Core/Src/stm32l0xx_it.c:197:6:LPUART1_IRQHandler	8	static
